Warning: You are sending unauthenticated requests to the HF Hub. Please set a HF_TOKEN to enable higher rate limits and faster downloads.
[transformers] This model config has set a `rope_parameters['original_max_position_embeddings']` field, to be used together with `max_position_embeddings` to determine a scaling factor. Please set the `factor` field of `rope_parameters`with this ratio instead -- we recommend the use of this field over `original_max_position_embeddings`, as it is compatible with most model architectures.
`flash-attention` package not found, consider installing for better performance: No module named 'flash_attn'.
Current `flash-attention` does not support `window_size`. Either upgrade or use `attn_implementation='eager'`.
Traceback (most recent call last):
  File "/work/roj023/sequential-finetuning/src/training/train.py", line 105, in <module>
    main(parser.parse_args())
  File "/work/roj023/sequential-finetuning/src/training/train.py", line 54, in main
    model = AutoModelForCausalLM.from_pretrained(
            ^^^^^^^^^^^^^^^^^^^^^^^^^^^^^^^^^^^^^
  File "/work/roj023/envs/llm_env/lib/python3.11/site-packages/transformers/models/auto/auto_factory.py", line 390, in from_pretrained
    return model_class.from_pretrained(
           ^^^^^^^^^^^^^^^^^^^^^^^^^^^^
  File "/work/roj023/envs/llm_env/lib/python3.11/site-packages/transformers/modeling_utils.py", line 4130, in from_pretrained
    hf_quantizer, config, device_map = get_hf_quantizer(
                                       ^^^^^^^^^^^^^^^^^
  File "/work/roj023/envs/llm_env/lib/python3.11/site-packages/transformers/quantizers/auto.py", line 342, in get_hf_quantizer
    hf_quantizer.validate_environment(
  File "/work/roj023/envs/llm_env/lib/python3.11/site-packages/transformers/quantizers/quantizer_bnb_4bit.py", line 62, in validate_environment
    raise ImportError(
ImportError: Using `bitsandbytes` 4-bit quantization requires bitsandbytes: `pip install -U bitsandbytes>=0.46.1`
